I'm sorry, but errors were detected in your script. Please correct the
errors listed below, and try again.


File "game/Quests/EP2/Citizens/Citizen11_dialogue.rpy", line 23: expected ':' not found.
    label .loop1
                ^

File "game/Quests/EP2/Citizens/Citizen12_dialogue.rpy", line 24: expected ':' not found.
    label .loop1
                ^

File "game/Quests/EP2/Citizens/Citizen13_dialogue.rpy", line 24: expected ':' not found.
    label .loop1
                ^

File "game/Quests/EP2/Citizens/Citizen14_dialogue.rpy", line 24: expected ':' not found.
    label .loop1
                ^

File "game/Quests/EP2/Citizens/Citizen15_dialogue.rpy", line 26: expected ':' not found.
    label .loop1
                ^

Ren'Py Version: Ren'Py 6.99.14.3.3347
Tue Nov 13 14:41:57 2018
